
> frontend@0.0.0 dev
> vite --host 127.0.0.1 --port 5173


  [32m[1mVITE[22m v8.0.14[39m  [2mready in [0m[1m395[22m[2m[0m ms[22m

  [32m➜[39m  [1mLocal[22m:   [36mhttp://127.0.0.1:[1m5173[22m/[39m
[2m17:52:08[22m [36m[1m[vite][22m[39m [90m[2m(client)[22m[39m [32mhmr update [39m[2m/src/contexts/UserContext.jsx, /src/pages/ProductDetailPage.jsx, /src/pages/HomePage.jsx, /src/pages/BlogPage.jsx, /src/pages/BlogDetailPage.jsx, /src/pages/CheckoutPage.jsx, /src/pages/ProfilePage.jsx[22m
[2m17:52:08[22m [36m[1m[vite][22m[39m [90m[2m(client)[22m[39m [33mhmr invalidate [39m[2m/src/contexts/UserContext.jsx[22m Could not Fast Refresh ("useUser" export is incompatible). Learn more at https://github.com/vitejs/vite-plugin-react/tree/main/packages/plugin-react#consistent-components-exports
[2m17:52:08[22m [36m[1m[vite][22m[39m [90m[2m(client)[22m[39m [32mhmr update [39m[2m/src/App.jsx, /src/components/ProtectedRoute.jsx, /src/pages/ProductDetailPage.jsx, /src/components/Navbar.jsx, /src/pages/LoginPage.jsx, /src/pages/CheckoutPage.jsx, /src/pages/CartPage.jsx, /src/pages/RegisterPage.jsx, /src/pages/ProfilePage.jsx, /src/components/ProductCard.jsx[22m
[2m17:53:55[22m [36m[1m[vite][22m[39m [90m[2m(client)[22m[39m [32mhmr update [39m[2m/src/App.jsx[22m
[2m17:54:53[22m [36m[1m[vite][22m[39m [90m[2m(client)[22m[39m [32mhmr update [39m[2m/src/App.jsx[22m
[2m17:55:09[22m [36m[1m[vite][22m[39m [90m[2m(client)[22m[39m [32mhmr update [39m[2m/src/App.jsx[22m
[2m18:00:10[22m [36m[1m[vite][22m[39m [90m[2m(client)[22m[39m [32mhmr update [39m[2m/src/pages/HomePage.jsx[22m
[2m18:00:10[22m [36m[1m[vite][22m[39m [90m[2m(client)[22m[39m [32mhmr update [39m[2m/src/pages/HomePage.jsx[22m
[2m18:13:54[22m [36m[1m[vite][22m[39m [90m[2m(client)[22m[39m [32mhmr update [39m[2m/src/contexts/UserContext.jsx, /src/pages/ProductDetailPage.jsx, /src/pages/HomePage.jsx, /src/pages/BlogPage.jsx, /src/pages/BlogDetailPage.jsx, /src/pages/CheckoutPage.jsx, /src/pages/ProfilePage.jsx, /src/pages/AddProductPage.jsx[22m
[2m18:14:04[22m [36m[1m[vite][22m[39m [90m[2m(client)[22m[39m [32mhmr update [39m[2m/src/contexts/UserContext.jsx, /src/pages/ProductDetailPage.jsx, /src/pages/HomePage.jsx, /src/pages/BlogPage.jsx, /src/pages/BlogDetailPage.jsx, /src/pages/CheckoutPage.jsx, /src/pages/ProfilePage.jsx, /src/pages/AddProductPage.jsx[22m
[2m18:14:04[22m [36m[1m[vite][22m[39m [90m[2m(client)[22m[39m [33mhmr invalidate [39m[2m/src/contexts/UserContext.jsx[22m Could not Fast Refresh ("useUser" export is incompatible). Learn more at https://github.com/vitejs/vite-plugin-react/tree/main/packages/plugin-react#consistent-components-exports
[2m18:14:04[22m [36m[1m[vite][22m[39m [90m[2m(client)[22m[39m [32mhmr update [39m[2m/src/App.jsx, /src/components/ProtectedRoute.jsx, /src/pages/ProductDetailPage.jsx, /src/components/Navbar.jsx, /src/pages/LoginPage.jsx, /src/pages/CheckoutPage.jsx, /src/pages/CartPage.jsx, /src/pages/RegisterPage.jsx, /src/pages/ProfilePage.jsx, /src/components/ProductCard.jsx, /src/pages/AddProductPage.jsx, /src/pages/HomePage.jsx[22m
[2m18:22:57[22m [36m[1m[vite][22m[39m [90m[2m(client)[22m[39m [32mhmr update [39m[2m/src/pages/AddProductPage.jsx[22m
[2m18:22:59[22m [36m[1m[vite][22m[39m [90m[2m(client)[22m[39m [32mhmr update [39m[2m/src/pages/AddProductPage.jsx[22m
[2m18:22:59[22m [36m[1m[vite][22m[39m [90m[2m(client)[22m[39m [32mhmr update [39m[2m/src/pages/AddProductPage.jsx[22m
[2m18:27:54[22m [36m[1m[vite][22m[39m [90m[2m(client)[22m[39m [32mhmr update [39m[2m/src/pages/AuthPages.css[22m
[2m18:27:56[22m [36m[1m[vite][22m[39m [90m[2m(client)[22m[39m [32mhmr update [39m[2m/src/pages/AuthPages.css[22m
[2m18:35:41[22m [36m[1m[vite][22m[39m [90m[2m(client)[22m[39m [32mhmr update [39m[2m/src/pages/AuthPages.css[22m
[2m18:42:43[22m [36m[1m[vite][22m[39m [90m[2m(client)[22m[39m [32mhmr update [39m[2m/src/pages/AddProductPage.jsx[22m
[2m18:42:44[22m [36m[1m[vite][22m[39m [90m[2m(client)[22m[39m [32mhmr update [39m[2m/src/pages/AddProductPage.jsx[22m
[2m18:53:38[22m [36m[1m[vite][22m[39m [90m[2m(client)[22m[39m [32mhmr update [39m[2m/src/components/ProductCard.jsx[22m
